<?php

declare(strict_types=1);

namespace App\Conformist\GitHub\Repos;

use BaseCodeOy\Conformist\Contracts\Connector;
use BaseCodeOy\Conformist\Enums\HttpMethod;
use BaseCodeOy\Conformist\Request\AbstractRequest;

/**
 * @see https://docs.github.com/rest/deployments/statuses#list-deployment-statuses
 */
final class ListDeploymentStatusesRequest extends AbstractRequest
{
    public function __constructor(
        private string $owner,
        private string $repo,
        private int $deploymentId,
        private int $perPage,
        private int $page,
    ) {
        //
    }

    public function path(): string
    {
        return '/repos/{owner}/{repo}/deployments/{deployment_id}/statuses';
    }

    public function connector(): Connector
    {
        return new GitHubConnector;
    }

    public function method(): HttpMethod
    {
        return HttpMethod::GET;
    }

    /** @return Extension[] */
    public function extensions(): array
    {
        return [
            new WithUrlParameters([
                'owner' => $this->owner,
                'repo' => $this->repo,
                'deployment_id' => $this->deploymentId,
            ]),
            new WithQueryParameters([
                'per_page' => $this->perPage,
                'page' => $this->page,
            ]),
        ];
    }
}
