<?php

declare(strict_types=1);

namespace App\Conformist\GitHub\Packages;

use BaseCodeOy\Conformist\Contracts\Connector;
use BaseCodeOy\Conformist\Enums\HttpMethod;
use BaseCodeOy\Conformist\Request\AbstractRequest;

/**
 * @see https://docs.github.com/rest/reference/packages#restore-a-package-for-a-user
 */
final class RestorePackageForUserRequest extends AbstractRequest
{
    public function __constructor(
        private string $packageType,
        private string $packageName,
        private string $username,
        private string $token,
    ) {
        //
    }

    public function path(): string
    {
        return '/users/{username}/packages/{package_type}/{package_name}/restore';
    }

    public function connector(): Connector
    {
        return new GitHubConnector;
    }

    public function method(): HttpMethod
    {
        return HttpMethod::POST;
    }

    /** @return Extension[] */
    public function extensions(): array
    {
        return [
            new WithUrlParameters([
                'package_type' => $this->packageType,
                'package_name' => $this->packageName,
                'username' => $this->username,
            ]),
            new WithQueryParameters([
                'token' => $this->token,
            ]),
        ];
    }
}
