<?php

declare(strict_types=1);

namespace App\Conformist\GitHub\Codespaces;

use BaseCodeOy\Conformist\Contracts\Connector;
use BaseCodeOy\Conformist\Enums\HttpMethod;
use BaseCodeOy\Conformist\Request\AbstractRequest;

/**
 * @see https://docs.github.com/rest/reference/codespaces#get-public-key-for-the-authenticated-user
 */
final class GetPublicKeyForAuthenticatedUserRequest extends AbstractRequest
{
    public function __constructor(
    ) {
        //
    }

    public function path(): string
    {
        return '/user/codespaces/secrets/public-key';
    }

    public function connector(): Connector
    {
        return new GitHubConnector;
    }

    public function method(): HttpMethod
    {
        return HttpMethod::GET;
    }

    /** @return Extension[] */
    public function extensions(): array
    {
        return [
            //
        ];
    }
}
