<?php

declare(strict_types=1);

namespace App\Conformist\GitHub\Repos;

use BaseCodeOy\Conformist\Contracts\Connector;
use BaseCodeOy\Conformist\Enums\HttpMethod;
use BaseCodeOy\Conformist\Request\AbstractRequest;

/**
 * @see https://docs.github.com/rest/reference/repos#create-a-repository-dispatch-event
 */
final class CreateDispatchEventRequest extends AbstractRequest
{
    public function __constructor(
        private string $owner,
        private string $repo,
        private string $eventType,
        private object $clientPayload,
    ) {
        //
    }

    public function path(): string
    {
        return '/repos/{owner}/{repo}/dispatches';
    }

    public function connector(): Connector
    {
        return new GitHubConnector;
    }

    public function method(): HttpMethod
    {
        return HttpMethod::POST;
    }

    /** @return Extension[] */
    public function extensions(): array
    {
        return [
            new WithUrlParameters([
                'owner' => $this->owner,
                'repo' => $this->repo,
            ]),
            new WithBody([
                'event_type' => $this->eventType,
                'client_payload' => $this->clientPayload,
            ]),
        ];
    }
}
