<?php

declare(strict_types=1);

namespace App\Conformist\GitHub\Issues;

use BaseCodeOy\Conformist\Contracts\Connector;
use BaseCodeOy\Conformist\Enums\HttpMethod;
use BaseCodeOy\Conformist\Request\AbstractRequest;

/**
 * @see https://docs.github.com/rest/reference/issues#get-an-issue-event
 */
final class GetEventRequest extends AbstractRequest
{
    public function __constructor(
        private string $owner,
        private string $repo,
        private int $eventId,
    ) {
        //
    }

    public function path(): string
    {
        return '/repos/{owner}/{repo}/issues/events/{event_id}';
    }

    public function connector(): Connector
    {
        return new GitHubConnector;
    }

    public function method(): HttpMethod
    {
        return HttpMethod::GET;
    }

    /** @return Extension[] */
    public function extensions(): array
    {
        return [
            new WithUrlParameters([
                'owner' => $this->owner,
                'repo' => $this->repo,
                'event_id' => $this->eventId,
            ]),
        ];
    }
}
