<?php

declare(strict_types=1);

namespace App\Conformist\GitHub\Issues;

use BaseCodeOy\Conformist\Contracts\Connector;
use BaseCodeOy\Conformist\Enums\HttpMethod;
use BaseCodeOy\Conformist\Request\AbstractRequest;

/**
 * @see https://docs.github.com/rest/reference/issues#list-repository-issues
 */
final class ListForRepoRequest extends AbstractRequest
{
    public function __constructor(
        private string $owner,
        private string $repo,
        private string $milestone,
        private string $state,
        private string $assignee,
        private string $creator,
        private string $mentioned,
        private string $labels,
        private string $sort,
        private string $direction,
        private string $since,
        private int $perPage,
        private int $page,
    ) {
        //
    }

    public function path(): string
    {
        return '/repos/{owner}/{repo}/issues';
    }

    public function connector(): Connector
    {
        return new GitHubConnector;
    }

    public function method(): HttpMethod
    {
        return HttpMethod::GET;
    }

    /** @return Extension[] */
    public function extensions(): array
    {
        return [
            new WithUrlParameters([
                'owner' => $this->owner,
                'repo' => $this->repo,
            ]),
            new WithQueryParameters([
                'milestone' => $this->milestone,
                'state' => $this->state,
                'assignee' => $this->assignee,
                'creator' => $this->creator,
                'mentioned' => $this->mentioned,
                'labels' => $this->labels,
                'sort' => $this->sort,
                'direction' => $this->direction,
                'since' => $this->since,
                'per_page' => $this->perPage,
                'page' => $this->page,
            ]),
        ];
    }
}
