<?php

declare(strict_types=1);

namespace App\Conformist\GitHub\Activity;

use BaseCodeOy\Conformist\Contracts\Connector;
use BaseCodeOy\Conformist\Enums\HttpMethod;
use BaseCodeOy\Conformist\Request\AbstractRequest;

/**
 * @see https://docs.github.com/rest/reference/activity#list-notifications-for-the-authenticated-user
 */
final class ListNotificationsForAuthenticatedUserRequest extends AbstractRequest
{
    public function __constructor(
        private boolean $all,
        private boolean $participating,
        private string $since,
        private string $before,
        private int $page,
        private int $perPage,
    ) {
        //
    }

    public function path(): string
    {
        return '/notifications';
    }

    public function connector(): Connector
    {
        return new GitHubConnector;
    }

    public function method(): HttpMethod
    {
        return HttpMethod::GET;
    }

    /** @return Extension[] */
    public function extensions(): array
    {
        return [
            new WithQueryParameters([
                'all' => $this->all,
                'participating' => $this->participating,
                'since' => $this->since,
                'before' => $this->before,
                'page' => $this->page,
                'per_page' => $this->perPage,
            ]),
        ];
    }
}
