<?php

declare(strict_types=1);

namespace App\Conformist\GitHub\Actions;

use BaseCodeOy\Conformist\Contracts\Connector;
use BaseCodeOy\Conformist\Enums\HttpMethod;
use BaseCodeOy\Conformist\Request\AbstractRequest;

/**
 * @see https://docs.github.com/rest/reference/actions#re-run-workflow-failed-jobs
 */
final class ReRunWorkflowFailedJobsRequest extends AbstractRequest
{
    public function __constructor(
        private string $owner,
        private string $repo,
        private int $runId,
        private boolean $enableDebugLogging,
    ) {
        //
    }

    public function path(): string
    {
        return '/repos/{owner}/{repo}/actions/runs/{run_id}/rerun-failed-jobs';
    }

    public function connector(): Connector
    {
        return new GitHubConnector;
    }

    public function method(): HttpMethod
    {
        return HttpMethod::POST;
    }

    /** @return Extension[] */
    public function extensions(): array
    {
        return [
            new WithUrlParameters([
                'owner' => $this->owner,
                'repo' => $this->repo,
                'run_id' => $this->runId,
            ]),
            new WithBody([
                'enable_debug_logging' => $this->enableDebugLogging,
            ]),
        ];
    }
}
