<?php

declare(strict_types=1);

namespace App\Conformist\GitHub\Checks;

use BaseCodeOy\Conformist\Contracts\Connector;
use BaseCodeOy\Conformist\Enums\HttpMethod;
use BaseCodeOy\Conformist\Request\AbstractRequest;

/**
 * @see https://docs.github.com/rest/reference/checks#create-a-check-suite
 */
final class CreateSuiteRequest extends AbstractRequest
{
    public function __constructor(
        private string $owner,
        private string $repo,
        private string $headSha,
    ) {
        //
    }

    public function path(): string
    {
        return '/repos/{owner}/{repo}/check-suites';
    }

    public function connector(): Connector
    {
        return new GitHubConnector;
    }

    public function method(): HttpMethod
    {
        return HttpMethod::POST;
    }

    /** @return Extension[] */
    public function extensions(): array
    {
        return [
            new WithUrlParameters([
                'owner' => $this->owner,
                'repo' => $this->repo,
            ]),
            new WithBody([
                'head_sha' => $this->headSha,
            ]),
        ];
    }
}
