<?php

declare(strict_types=1);

namespace App\Conformist\GitHub\Teams;

use BaseCodeOy\Conformist\Contracts\Connector;
use BaseCodeOy\Conformist\Enums\HttpMethod;
use BaseCodeOy\Conformist\Request\AbstractRequest;

/**
 * @see https://docs.github.com/rest/reference/teams#get-team-membership-for-a-user
 */
final class GetMembershipForUserInOrgRequest extends AbstractRequest
{
    public function __constructor(
        private string $org,
        private string $teamSlug,
        private string $username,
    ) {
        //
    }

    public function path(): string
    {
        return '/orgs/{org}/teams/{team_slug}/memberships/{username}';
    }

    public function connector(): Connector
    {
        return new GitHubConnector;
    }

    public function method(): HttpMethod
    {
        return HttpMethod::GET;
    }

    /** @return Extension[] */
    public function extensions(): array
    {
        return [
            new WithUrlParameters([
                'org' => $this->org,
                'team_slug' => $this->teamSlug,
                'username' => $this->username,
            ]),
        ];
    }
}
