<?php

declare(strict_types=1);

namespace App\Conformist\GitHub\Actions;

use BaseCodeOy\Conformist\Contracts\Connector;
use BaseCodeOy\Conformist\Enums\HttpMethod;
use BaseCodeOy\Conformist\Request\AbstractRequest;

/**
 * @see https://docs.github.com/rest/reference/actions#list-labels-for-a-self-hosted-runner-for-a-repository
 */
final class ListLabelsForSelfHostedRunnerForRepoRequest extends AbstractRequest
{
    public function __constructor(
        private string $owner,
        private string $repo,
        private int $runnerId,
    ) {
        //
    }

    public function path(): string
    {
        return '/repos/{owner}/{repo}/actions/runners/{runner_id}/labels';
    }

    public function connector(): Connector
    {
        return new GitHubConnector;
    }

    public function method(): HttpMethod
    {
        return HttpMethod::GET;
    }

    /** @return Extension[] */
    public function extensions(): array
    {
        return [
            new WithUrlParameters([
                'owner' => $this->owner,
                'repo' => $this->repo,
                'runner_id' => $this->runnerId,
            ]),
        ];
    }
}
