<?php

declare(strict_types=1);

namespace App\Conformist\GitHub\Projects;

use BaseCodeOy\Conformist\Contracts\Connector;
use BaseCodeOy\Conformist\Enums\HttpMethod;
use BaseCodeOy\Conformist\Request\AbstractRequest;

/**
 * @see https://docs.github.com/rest/reference/projects#get-project-permission-for-a-user
 */
final class GetPermissionForUserRequest extends AbstractRequest
{
    public function __constructor(
        private int $projectId,
        private string $username,
    ) {
        //
    }

    public function path(): string
    {
        return '/projects/{project_id}/collaborators/{username}/permission';
    }

    public function connector(): Connector
    {
        return new GitHubConnector;
    }

    public function method(): HttpMethod
    {
        return HttpMethod::GET;
    }

    /** @return Extension[] */
    public function extensions(): array
    {
        return [
            new WithUrlParameters([
                'project_id' => $this->projectId,
                'username' => $this->username,
            ]),
        ];
    }
}
