<?php

declare(strict_types=1);

namespace App\Conformist\GitHub\Apps;

use BaseCodeOy\Conformist\Contracts\Connector;
use BaseCodeOy\Conformist\Enums\HttpMethod;
use BaseCodeOy\Conformist\Request\AbstractRequest;

/**
 * @see https://docs.github.com/rest/reference/apps#revoke-an-installation-access-token
 */
final class RevokeInstallationAccessTokenRequest extends AbstractRequest
{
    public function __constructor(
    ) {
        //
    }

    public function path(): string
    {
        return '/installation/token';
    }

    public function connector(): Connector
    {
        return new GitHubConnector;
    }

    public function method(): HttpMethod
    {
        return HttpMethod::DELETE;
    }

    /** @return Extension[] */
    public function extensions(): array
    {
        return [
            //
        ];
    }
}
