<?php

declare(strict_types=1);

namespace App\Conformist\GitHub\Billing;

use BaseCodeOy\Conformist\Contracts\Connector;
use BaseCodeOy\Conformist\Enums\HttpMethod;
use BaseCodeOy\Conformist\Request\AbstractRequest;

/**
 * @see https://docs.github.com/rest/reference/billing#get-github-packages-billing-for-an-organization
 */
final class GetGithubPackagesBillingOrgRequest extends AbstractRequest
{
    public function __constructor(
        private string $org,
    ) {
        //
    }

    public function path(): string
    {
        return '/orgs/{org}/settings/billing/packages';
    }

    public function connector(): Connector
    {
        return new GitHubConnector;
    }

    public function method(): HttpMethod
    {
        return HttpMethod::GET;
    }

    /** @return Extension[] */
    public function extensions(): array
    {
        return [
            new WithUrlParameters([
                'org' => $this->org,
            ]),
        ];
    }
}
