<?php

declare(strict_types=1);

namespace App\Conformist\GitHub\Git;

use BaseCodeOy\Conformist\Contracts\Connector;
use BaseCodeOy\Conformist\Enums\HttpMethod;
use BaseCodeOy\Conformist\Request\AbstractRequest;

/**
 * @see https://docs.github.com/rest/reference/git#create-a-tag-object
 */
final class CreateTagRequest extends AbstractRequest
{
    public function __constructor(
        private string $owner,
        private string $repo,
        private string $tag,
        private string $message,
        private string $object,
        private string $type,
        private object $tagger,
    ) {
        //
    }

    public function path(): string
    {
        return '/repos/{owner}/{repo}/git/tags';
    }

    public function connector(): Connector
    {
        return new GitHubConnector;
    }

    public function method(): HttpMethod
    {
        return HttpMethod::POST;
    }

    /** @return Extension[] */
    public function extensions(): array
    {
        return [
            new WithUrlParameters([
                'owner' => $this->owner,
                'repo' => $this->repo,
            ]),
            new WithBody([
                'tag' => $this->tag,
                'message' => $this->message,
                'object' => $this->object,
                'type' => $this->type,
                'tagger' => $this->tagger,
            ]),
        ];
    }
}
