<?php

declare(strict_types=1);

namespace App\Conformist\GitHub\Meta;

use BaseCodeOy\Conformist\Contracts\Connector;
use BaseCodeOy\Conformist\Enums\HttpMethod;
use BaseCodeOy\Conformist\Request\AbstractRequest;

/**
 * @see https://docs.github.com/rest/reference/meta#get-octocat
 */
final class GetOctocatRequest extends AbstractRequest
{
    public function __constructor(
        private string $s,
    ) {
        //
    }

    public function path(): string
    {
        return '/octocat';
    }

    public function connector(): Connector
    {
        return new GitHubConnector;
    }

    public function method(): HttpMethod
    {
        return HttpMethod::GET;
    }

    /** @return Extension[] */
    public function extensions(): array
    {
        return [
            new WithQueryParameters([
                's' => $this->s,
            ]),
        ];
    }
}
