<?php

declare(strict_types=1);

namespace App\Conformist\GitHub\Actions;

use BaseCodeOy\Conformist\Contracts\Connector;
use BaseCodeOy\Conformist\Enums\HttpMethod;
use BaseCodeOy\Conformist\Request\AbstractRequest;

/**
 * @see https://docs.github.com/rest/reference/actions#list-jobs-for-a-workflow-run-attempt
 */
final class ListJobsForWorkflowRunAttemptRequest extends AbstractRequest
{
    public function __constructor(
        private string $owner,
        private string $repo,
        private int $runId,
        private int $attemptNumber,
        private int $perPage,
        private int $page,
    ) {
        //
    }

    public function path(): string
    {
        return '/repos/{owner}/{repo}/actions/runs/{run_id}/attempts/{attempt_number}/jobs';
    }

    public function connector(): Connector
    {
        return new GitHubConnector;
    }

    public function method(): HttpMethod
    {
        return HttpMethod::GET;
    }

    /** @return Extension[] */
    public function extensions(): array
    {
        return [
            new WithUrlParameters([
                'owner' => $this->owner,
                'repo' => $this->repo,
                'run_id' => $this->runId,
                'attempt_number' => $this->attemptNumber,
            ]),
            new WithQueryParameters([
                'per_page' => $this->perPage,
                'page' => $this->page,
            ]),
        ];
    }
}
