<?php

declare(strict_types=1);

namespace App\Conformist\GitHub\Actions;

use BaseCodeOy\Conformist\Contracts\Connector;
use BaseCodeOy\Conformist\Enums\HttpMethod;
use BaseCodeOy\Conformist\Request\AbstractRequest;

/**
 * @see https://docs.github.com/rest/reference/actions#list-environment-secrets
 */
final class ListEnvironmentSecretsRequest extends AbstractRequest
{
    public function __constructor(
        private int $repositoryId,
        private string $environmentName,
        private int $perPage,
        private int $page,
    ) {
        //
    }

    public function path(): string
    {
        return '/repositories/{repository_id}/environments/{environment_name}/secrets';
    }

    public function connector(): Connector
    {
        return new GitHubConnector;
    }

    public function method(): HttpMethod
    {
        return HttpMethod::GET;
    }

    /** @return Extension[] */
    public function extensions(): array
    {
        return [
            new WithUrlParameters([
                'repository_id' => $this->repositoryId,
                'environment_name' => $this->environmentName,
            ]),
            new WithQueryParameters([
                'per_page' => $this->perPage,
                'page' => $this->page,
            ]),
        ];
    }
}
