<?php

declare(strict_types=1);

namespace App\Conformist\GitHub\Apps;

use BaseCodeOy\Conformist\Contracts\Connector;
use BaseCodeOy\Conformist\Enums\HttpMethod;
use BaseCodeOy\Conformist\Request\AbstractRequest;

/**
 * @see https://docs.github.com/rest/reference/apps#redeliver-a-delivery-for-an-app-webhook
 */
final class RedeliverWebhookDeliveryRequest extends AbstractRequest
{
    public function __constructor(
        private int $deliveryId,
    ) {
        //
    }

    public function path(): string
    {
        return '/app/hook/deliveries/{delivery_id}/attempts';
    }

    public function connector(): Connector
    {
        return new GitHubConnector;
    }

    public function method(): HttpMethod
    {
        return HttpMethod::POST;
    }

    /** @return Extension[] */
    public function extensions(): array
    {
        return [
            new WithUrlParameters([
                'delivery_id' => $this->deliveryId,
            ]),
        ];
    }
}
