<?php

declare(strict_types=1);

namespace App\Conformist\GitHub\Reactions;

use BaseCodeOy\Conformist\Contracts\Connector;
use BaseCodeOy\Conformist\Enums\HttpMethod;
use BaseCodeOy\Conformist\Request\AbstractRequest;

/**
 * @see https://docs.github.com/rest/reference/reactions/#list-reactions-for-a-team-discussion-legacy
 */
final class ListForTeamDiscussionLegacyRequest extends AbstractRequest
{
    public function __constructor(
        private int $teamId,
        private int $discussionNumber,
        private string $content,
        private int $perPage,
        private int $page,
    ) {
        //
    }

    public function path(): string
    {
        return '/teams/{team_id}/discussions/{discussion_number}/reactions';
    }

    public function connector(): Connector
    {
        return new GitHubConnector;
    }

    public function method(): HttpMethod
    {
        return HttpMethod::GET;
    }

    /** @return Extension[] */
    public function extensions(): array
    {
        return [
            new WithUrlParameters([
                'team_id' => $this->teamId,
                'discussion_number' => $this->discussionNumber,
            ]),
            new WithQueryParameters([
                'content' => $this->content,
                'per_page' => $this->perPage,
                'page' => $this->page,
            ]),
        ];
    }
}
