<?php

declare(strict_types=1);

namespace App\Conformist\GitHub\SecretScanning;

use BaseCodeOy\Conformist\Contracts\Connector;
use BaseCodeOy\Conformist\Enums\HttpMethod;
use BaseCodeOy\Conformist\Request\AbstractRequest;

/**
 * @see https://docs.github.com/rest/reference/secret-scanning#list-locations-for-a-secret-scanning-alert
 */
final class ListLocationsForAlertRequest extends AbstractRequest
{
    public function __constructor(
        private string $owner,
        private string $repo,
        private int $alertNumber,
        private int $page,
        private int $perPage,
    ) {
        //
    }

    public function path(): string
    {
        return '/repos/{owner}/{repo}/secret-scanning/alerts/{alert_number}/locations';
    }

    public function connector(): Connector
    {
        return new GitHubConnector;
    }

    public function method(): HttpMethod
    {
        return HttpMethod::GET;
    }

    /** @return Extension[] */
    public function extensions(): array
    {
        return [
            new WithUrlParameters([
                'owner' => $this->owner,
                'repo' => $this->repo,
                'alert_number' => $this->alertNumber,
            ]),
            new WithQueryParameters([
                'page' => $this->page,
                'per_page' => $this->perPage,
            ]),
        ];
    }
}
