<?php

declare(strict_types=1);

namespace App\Conformist\GitHub\Migrations;

use BaseCodeOy\Conformist\Contracts\Connector;
use BaseCodeOy\Conformist\Enums\HttpMethod;
use BaseCodeOy\Conformist\Request\AbstractRequest;

/**
 * @see https://docs.github.com/rest/migrations/source-imports#get-large-files
 */
final class GetLargeFilesRequest extends AbstractRequest
{
    public function __constructor(
        private string $owner,
        private string $repo,
    ) {
        //
    }

    public function path(): string
    {
        return '/repos/{owner}/{repo}/import/large_files';
    }

    public function connector(): Connector
    {
        return new GitHubConnector;
    }

    public function method(): HttpMethod
    {
        return HttpMethod::GET;
    }

    /** @return Extension[] */
    public function extensions(): array
    {
        return [
            new WithUrlParameters([
                'owner' => $this->owner,
                'repo' => $this->repo,
            ]),
        ];
    }
}
