<?php

declare(strict_types=1);

namespace App\Conformist\GitHub\Codespaces;

use BaseCodeOy\Conformist\Contracts\Connector;
use BaseCodeOy\Conformist\Enums\HttpMethod;
use BaseCodeOy\Conformist\Request\AbstractRequest;

/**
 * @see https://docs.github.com/rest/reference/codespaces#get-codespaces-for-user-in-org
 */
final class GetCodespacesForUserInOrgRequest extends AbstractRequest
{
    public function __constructor(
        private int $perPage,
        private int $page,
        private string $org,
        private string $username,
    ) {
        //
    }

    public function path(): string
    {
        return '/orgs/{org}/members/{username}/codespaces';
    }

    public function connector(): Connector
    {
        return new GitHubConnector;
    }

    public function method(): HttpMethod
    {
        return HttpMethod::GET;
    }

    /** @return Extension[] */
    public function extensions(): array
    {
        return [
            new WithUrlParameters([
                'org' => $this->org,
                'username' => $this->username,
            ]),
            new WithQueryParameters([
                'per_page' => $this->perPage,
                'page' => $this->page,
            ]),
        ];
    }
}
