<?php

declare(strict_types=1);

namespace App\Conformist\GitHub\Activity;

use BaseCodeOy\Conformist\Contracts\Connector;
use BaseCodeOy\Conformist\Enums\HttpMethod;
use BaseCodeOy\Conformist\Request\AbstractRequest;

/**
 * @see https://docs.github.com/rest/reference/activity#list-organization-events-for-the-authenticated-user
 */
final class ListOrgEventsForAuthenticatedUserRequest extends AbstractRequest
{
    public function __constructor(
        private string $username,
        private string $org,
        private int $perPage,
        private int $page,
    ) {
        //
    }

    public function path(): string
    {
        return '/users/{username}/events/orgs/{org}';
    }

    public function connector(): Connector
    {
        return new GitHubConnector;
    }

    public function method(): HttpMethod
    {
        return HttpMethod::GET;
    }

    /** @return Extension[] */
    public function extensions(): array
    {
        return [
            new WithUrlParameters([
                'username' => $this->username,
                'org' => $this->org,
            ]),
            new WithQueryParameters([
                'per_page' => $this->perPage,
                'page' => $this->page,
            ]),
        ];
    }
}
