<?php

declare(strict_types=1);

namespace App\Conformist\GitHub\Git;

use BaseCodeOy\Conformist\Contracts\Connector;
use BaseCodeOy\Conformist\Enums\HttpMethod;
use BaseCodeOy\Conformist\Request\AbstractRequest;

/**
 * @see https://docs.github.com/rest/reference/git#create-a-blob
 */
final class CreateBlobRequest extends AbstractRequest
{
    public function __constructor(
        private string $owner,
        private string $repo,
        private string $content,
        private string $encoding,
    ) {
        //
    }

    public function path(): string
    {
        return '/repos/{owner}/{repo}/git/blobs';
    }

    public function connector(): Connector
    {
        return new GitHubConnector;
    }

    public function method(): HttpMethod
    {
        return HttpMethod::POST;
    }

    /** @return Extension[] */
    public function extensions(): array
    {
        return [
            new WithUrlParameters([
                'owner' => $this->owner,
                'repo' => $this->repo,
            ]),
            new WithBody([
                'content' => $this->content,
                'encoding' => $this->encoding,
            ]),
        ];
    }
}
