<?php

declare(strict_types=1);

namespace App\Conformist\GitHub\Checks;

use BaseCodeOy\Conformist\Contracts\Connector;
use BaseCodeOy\Conformist\Enums\HttpMethod;
use BaseCodeOy\Conformist\Request\AbstractRequest;

/**
 * @see https://docs.github.com/rest/reference/checks#list-check-runs-in-a-check-suite
 */
final class ListForSuiteRequest extends AbstractRequest
{
    public function __constructor(
        private string $owner,
        private string $repo,
        private int $checkSuiteId,
        private string $checkName,
        private string $status,
        private string $filter,
        private int $perPage,
        private int $page,
    ) {
        //
    }

    public function path(): string
    {
        return '/repos/{owner}/{repo}/check-suites/{check_suite_id}/check-runs';
    }

    public function connector(): Connector
    {
        return new GitHubConnector;
    }

    public function method(): HttpMethod
    {
        return HttpMethod::GET;
    }

    /** @return Extension[] */
    public function extensions(): array
    {
        return [
            new WithUrlParameters([
                'owner' => $this->owner,
                'repo' => $this->repo,
                'check_suite_id' => $this->checkSuiteId,
            ]),
            new WithQueryParameters([
                'check_name' => $this->checkName,
                'status' => $this->status,
                'filter' => $this->filter,
                'per_page' => $this->perPage,
                'page' => $this->page,
            ]),
        ];
    }
}
