<?php

declare(strict_types=1);

namespace App\Conformist\GitHub\Checks;

use BaseCodeOy\Conformist\Contracts\Connector;
use BaseCodeOy\Conformist\Enums\HttpMethod;
use BaseCodeOy\Conformist\Request\AbstractRequest;

/**
 * @see https://docs.github.com/rest/reference/checks#get-a-check-run
 */
final class GetRequest extends AbstractRequest
{
    public function __constructor(
        private string $owner,
        private string $repo,
        private int $checkRunId,
    ) {
        //
    }

    public function path(): string
    {
        return '/repos/{owner}/{repo}/check-runs/{check_run_id}';
    }

    public function connector(): Connector
    {
        return new GitHubConnector;
    }

    public function method(): HttpMethod
    {
        return HttpMethod::GET;
    }

    /** @return Extension[] */
    public function extensions(): array
    {
        return [
            new WithUrlParameters([
                'owner' => $this->owner,
                'repo' => $this->repo,
                'check_run_id' => $this->checkRunId,
            ]),
        ];
    }
}
