<?php

declare(strict_types=1);

namespace App\Conformist\GitHub\Migrations;

use BaseCodeOy\Conformist\Contracts\Connector;
use BaseCodeOy\Conformist\Enums\HttpMethod;
use BaseCodeOy\Conformist\Request\AbstractRequest;

/**
 * @see https://docs.github.com/rest/migrations/users#unlock-a-user-repository
 */
final class UnlockRepoForAuthenticatedUserRequest extends AbstractRequest
{
    public function __constructor(
        private int $migrationId,
        private string $repoName,
    ) {
        //
    }

    public function path(): string
    {
        return '/user/migrations/{migration_id}/repos/{repo_name}/lock';
    }

    public function connector(): Connector
    {
        return new GitHubConnector;
    }

    public function method(): HttpMethod
    {
        return HttpMethod::DELETE;
    }

    /** @return Extension[] */
    public function extensions(): array
    {
        return [
            new WithUrlParameters([
                'migration_id' => $this->migrationId,
                'repo_name' => $this->repoName,
            ]),
        ];
    }
}
