<?php

declare(strict_types=1);

namespace App\Conformist\GitHub\Orgs;

use BaseCodeOy\Conformist\Contracts\Connector;
use BaseCodeOy\Conformist\Enums\HttpMethod;
use BaseCodeOy\Conformist\Request\AbstractRequest;

/**
 * @see https://docs.github.com/rest/reference/orgs#list-organizations
 */
final class ListRequest extends AbstractRequest
{
    public function __constructor(
        private int $since,
        private int $perPage,
    ) {
        //
    }

    public function path(): string
    {
        return '/organizations';
    }

    public function connector(): Connector
    {
        return new GitHubConnector;
    }

    public function method(): HttpMethod
    {
        return HttpMethod::GET;
    }

    /** @return Extension[] */
    public function extensions(): array
    {
        return [
            new WithQueryParameters([
                'since' => $this->since,
                'per_page' => $this->perPage,
            ]),
        ];
    }
}
