<?php

declare(strict_types=1);

namespace App\Conformist\GitHub\Codespaces;

use BaseCodeOy\Conformist\Contracts\Connector;
use BaseCodeOy\Conformist\Enums\HttpMethod;
use BaseCodeOy\Conformist\Request\AbstractRequest;

/**
 * @see https://docs.github.com/rest/codespaces/codespaces#export-a-codespace-for-the-authenticated-user
 */
final class ExportForAuthenticatedUserRequest extends AbstractRequest
{
    public function __constructor(
        private string $codespaceName,
    ) {
        //
    }

    public function path(): string
    {
        return '/user/codespaces/{codespace_name}/exports';
    }

    public function connector(): Connector
    {
        return new GitHubConnector;
    }

    public function method(): HttpMethod
    {
        return HttpMethod::POST;
    }

    /** @return Extension[] */
    public function extensions(): array
    {
        return [
            new WithUrlParameters([
                'codespace_name' => $this->codespaceName,
            ]),
        ];
    }
}
